// Jest Snapshot v1, https://goo.gl/fbAQLP

exports[`matches snapshot 1`] = `
<DocumentFragment>
  <div
    class="JobCard card"
  >
    <div
      class="card-body"
    >
      <h6
        class="card-title d-flex justify-content-between"
      >
        <span
          class="text-capitalize"
        />
      </h6>
      <div>
        Salary: $
      </div>
      <div>
        Equity: NaN%
      </div>
      <button
        class="btn btn-danger font-weight-bold text-uppercase float-right"
      >
        Apply
      </button>
    </div>
  </div>
</DocumentFragment>
`;
